---
source: src/compressors/js/npm_cmd.rs
expression: output
---
  format utilities
  validation utilities
 FAIL  src/components/Button.test.tsx (4.876 s)
  Button component
    ✗ calls onClick when not disabled (18 ms)
    ✗ shows loading spinner (22 ms)

  ● Button component › calls onClick when not disabled

    expect(jest.fn()).toHaveBeenCalledTimes(1)

    Expected number of calls: 1
    Received number of calls: 0

      27 |   fireEvent.click(button);
      28 |   expect(handleClick).toHaveBeenCalledTimes(1);
    > 29 |   expect(handleClick).toHaveBeenCalledWith(expect.any(MouseEvent));
         |                       ^
      30 | });

      at Object.<anonymous> (src/components/Button.test.tsx:29:23)

  ● Button component › shows loading spinner

    TestingLibraryElementError: Unable to find an accessible element with the role "progressbar"

      43 |   render(<Button loading={true}>Submit</Button>);
    > 44 |   expect(screen.getByRole('progressbar')).toBeInTheDocument();
         |                 ^
      45 | });

      at getNodeError (node_modules/@testing-library/dom/dist/query-helpers.js:180:21)
      at Object.<anonymous> (src/components/Button.test.tsx:44:17)

  useDebounce
Test Suites: 1 failed, 3 passed, 4 total
Tests:       2 failed, 14 passed, 16 total
Snapshots:   0 total
Time:        12.059 s
Ran all test suites.
