---
source: src/compressors/system/json_cmd.rs
expression: "filter_json(raw).expect(\"should parse huge array JSON\")"
---
{
"items":[{"i":0,"v":"item-0"},{"i":1,"v":"item-1"},{"i":2,"v":"item-2"},{"i":3,"v":"item-3"},{"i":4,"v":"item-4"},{"i":5,"v":"item-5"},{"i":6,"v":"item-6"},{"i":7,"v":"item-7"},{"i":8,"v":"item-8"},{"i":9,"v":"item-9"},{"i":10,"v":"item-10"},{"i":11,"v":"item-11"},{"i":12,"v":"item-12"},{"i":13,"v":"item-13"},{"i":14,"v":"item-14"},{"i":15,"v":"item-15"},"…9984 more…"]
}
