---
source: src/compressors/git/gh_cmd.rs
expression: output
---
#389 bug: WebSocket connections dr… [bug]
#385 feat: add comprehensive suppo… [enhancement]
#382 bug: CSV export functionality… [bug]
#378 feat: implement granular role… [enhancement]
#374 chore: migrate entire continu… [chore]
#371 docs: add comprehensive API v… [documentation]
#368 bug: memory usage grows unbou… [bug]
#365 feat: add Slack and Microsoft… [enhancement]
#361 bug: rate limiter incorrectly… [bug]
#358 feat: implement database conn… [enhancement]
#354 chore: update all Docker base… [chore]
#350 feat: add GraphQL subscriptio… [enhancement]
