---
source: src/compressors/git/gh_cmd.rs
expression: output
---
#142 feat: implement distributed rate limiti… [OPEN]
#139 fix: resolve memory leak in connection… [OPEN]
#137 chore: upgrade all devDependencies to l… [OPEN]
#134 refactor: extract authentication middle… [OPEN]
#131 feat: add prometheus metrics endpoint w… [MERGED]
#128 fix: correct timezone handling in recur… [MERGED]
#125 docs: update API reference documentatio… [MERGED]
#121 feat: implement webhook retry logic wit… [CLOSED]
