---
source: tests/rule_snapshot_tests.rs
expression: out
---
NAMESPACE    NAME                          REVISION                   SUSPENDED  READY  MESSAGE
flux-system  gitrepository/flux-system     main@sha1:abc1234567890    False      True   stored artifact for revision 'main@sha1:abc1234567890'
flux-system  gitrepository/podinfo         main@sha1:def4567890abc    False      True   stored artifact for revision 'main@sha1:def4567890abc'
flux-system  gitrepository/infra-charts    main@sha1:9876543210abc    False      True   stored artifact for revision 'main@sha1:9876543210abc'
flux-system  gitrepository/billing-config  main@sha1:fedcba0987654    False      True   stored artifact for revision 'main@sha1:fedcba0987654'

NAMESPACE    NAME                          REVISION                   SUSPENDED  READY  MESSAGE
flux-system  kustomization/flux-system     main@sha1:abc1234567890    False      True   Applied revision: main@sha1:abc1234567890
monitoring   helmrelease/loki              5.41.5                     False      True   Release reconciliation succeeded
ingress      helmrelease/nginx             4.8.3                      False      True   Release reconciliation succeeded
cert-manager helmrelease/cert-manager      1.13.2                     False      True   Release reconciliation succeeded
flux-system  helmrelease/notifications     2.1.0                      True       True   reconciliation suspended
default      helmrelease/billing-api       3.2.1                      False      False  Helm install failed: timed out waiting for the condition
