---
source: tests/rule_snapshot_tests.rs
expression: out
---

+ axios@1.15.2
+ chalk@5.6.2
+ commander@11.1.0 (v14.0.3 available)
+ date-fns@3.6.0 (v4.1.0 available)
+ react-dom@18.3.1 (v19.2.5 available)
+ yargs@17.7.2 (v18.0.0 available)
+ zod@3.25.76 (v4.3.6 available)

104 packages installed [1.52s]
